// Jest Snapshot v1, https://goo.gl/fbAQLP

exports[`<Product /> matches the default snapshot 1`] = `
<div>
  <div
    class="ItemStyles-sc-16pk14u-0 BOSXe"
  >
    <img
      alt="dogs are best"
      src="dog.jpg"
    />
    <h3
      class="Title-sc-16nq74k-0 ifVtXh"
    >
      <a
        href="/product/abc123"
      >
        dogs are best
      </a>
    </h3>
    <span
      class="PriceTag-sc-nwbk6t-0 hxPUFn"
    >
      €50
    </span>
    <p>
      dogs
    </p>
    <div
      class="buttonList"
    >
      <a
        href="/update?id=abc123"
      >
        Edit 📝
      </a>
      <button
        aria-busy="false"
        class="AddToCart__AddToCartStyled-sc-6bl65o-0 fHiDfE"
        type="button"
      >
        Add
         to cart 🛒
      </button>
    </div>
  </div>
</div>
`;
